Copyright 1986-2016 Xilinx, Inc. All Rights Reserved.
------------------------------------------------------------------------------------
| Tool Version : Vivado v.2016.4 (win64) Build 1756540 Mon Jan 23 19:11:23 MST 2017
| Date         : Fri Jun 09 19:25:54 2017
| Host         : DESKTOP-V9D0PGF running 64-bit major release  (build 9200)
| Command      : report_control_sets -verbose -file main_control_sets_placed.rpt
| Design       : main
| Device       : xc7a100t
------------------------------------------------------------------------------------

Control Set Information

Table of Contents
-----------------
1. Summary
2. Flip-Flop Distribution
3. Detailed Control Set Information

1. Summary
----------

+----------------------------------------------------------+-------+
|                          Status                          | Count |
+----------------------------------------------------------+-------+
| Number of unique control sets                            |    67 |
| Unused register locations in slices containing registers |   299 |
+----------------------------------------------------------+-------+


2. Flip-Flop Distribution
-------------------------

+--------------+-----------------------+------------------------+-----------------+--------------+
| Clock Enable | Synchronous Set/Reset | Asynchronous Set/Reset | Total Registers | Total Slices |
+--------------+-----------------------+------------------------+-----------------+--------------+
| No           | No                    | No                     |             136 |           68 |
| No           | No                    | Yes                    |               0 |            0 |
| No           | Yes                   | No                     |             102 |           44 |
| Yes          | No                    | No                     |             101 |           42 |
| Yes          | No                    | Yes                    |               0 |            0 |
| Yes          | Yes                   | No                     |             186 |           69 |
+--------------+-----------------------+------------------------+-----------------+--------------+


3. Detailed Control Set Information
-----------------------------------

+----------------------------------------------+-------------------------------------------------+-----------------------------------------------------------+------------------+----------------+
|                 Clock Signal                 |                  Enable Signal                  |                      Set/Reset Signal                     | Slice Load Count | Bel Load Count |
+----------------------------------------------+-------------------------------------------------+-----------------------------------------------------------+------------------+----------------+
|  inst_Wolvie_mov/movement_enable_reg_i_1_n_0 |                                                 | enable                                                    |                1 |              1 |
|  inst_graphic/brom_util_addr_reg[16]_i_2_n_0 |                                                 | inst_graphic/brom_util_addr_reg[16]_i_3_n_0               |                1 |              1 |
|  inst_graphic/Pedana3_offset_reg[15]_i_1_n_0 |                                                 | inst_graphic/Pedana3_offset_reg[15]_i_2_n_0               |                1 |              1 |
|  inst_pixelClkGen/inst/clk_out1              |                                                 | inst_graphic/inst_vga/h_sync0                             |                1 |              1 |
|  inst_graphic/Pedana2_offset_reg[15]_i_1_n_0 |                                                 | inst_graphic/Pedana2_offset_reg[15]_i_2_n_0               |                1 |              1 |
|  inst_graphic/eqOp                           |                                                 | inst_graphic/Pedana1_offset_reg[15]_i_2_n_0               |                1 |              1 |
|  inst_graphic/Pedana2_offset_reg[11]/G0      |                                                 |                                                           |                1 |              1 |
|  inst_graphic/Pedana2_offset_reg[14]/G0      |                                                 |                                                           |                1 |              1 |
|  inst_graphic/Pedana3_offset_reg[11]/G0      |                                                 |                                                           |                1 |              1 |
|  inst_graphic/Pedana3_offset_reg[14]/G0      |                                                 |                                                           |                1 |              1 |
|  inst_graphic/Pedana1_offset_reg[14]/G0      |                                                 |                                                           |                1 |              1 |
|  inst_pixelClkGen/inst/clk_out1              |                                                 | inst_graphic/inst_vga/v_sync0                             |                1 |              1 |
|  inst_graphic/Pedana1_offset_reg[11]/G0      |                                                 |                                                           |                1 |              1 |
|  inst_graphic/brom_addr_reg[16]_i_2_n_0      |                                                 | inst_graphic/inst_vga/GreenGoblin_cntV_reg[6]             |                1 |              2 |
|  inst_Green_Goblin_jump/E[0]                 |                                                 |                                                           |                1 |              2 |
|  frame_clk_reg_n_0_BUFG                      | P2_actual_moving2                               | P2_action_cnt[4]_i_1_n_0                                  |                2 |              4 |
|  inst_pixelClkGen/inst/clk_out1              | inst_graphic/GreenGoblin_Life_cntV0             | inst_graphic/GreenGoblin_Life_cntV[3]_i_1_n_0             |                1 |              4 |
|  inst_Wolvie_jump/E[0]                       |                                                 |                                                           |                2 |              4 |
|  frame_clk_reg_n_0_BUFG                      | inst_Wolvie_mov/dec_disable                     |                                                           |                1 |              4 |
|  frame_clk_reg_n_0_BUFG                      | inst_Wolvie_att/Wolvie_new_image[3]_i_1__0_n_0  |                                                           |                2 |              4 |
|  inst_pixelClkGen/inst/clk_out1              | inst_graphic/Wolvie_Life_cntV0                  | inst_graphic/Wolvie_Life_cntV[3]_i_1_n_0                  |                1 |              4 |
|  frame_clk_reg_n_0_BUFG                      | inst_Wolvie_mov/Wolvie_new_image[3]_i_2_n_0     | inst_Wolvie_mov/Wolvie_new_image[3]_i_1_n_0               |                1 |              4 |
|  frame_clk_reg_n_0_BUFG                      | inst_Green_Goblin_att/GG_dec_att_disable        | inst_Wolvie_att/SR[0]                                     |                1 |              4 |
|  frame_clk_reg_n_0_BUFG                      | P1_actual_moving2                               | P1_action_cnt[4]_i_1_n_0                                  |                2 |              4 |
|  inst_pixelClkGen/inst/clk_out1              | inst_graphic/Wolvie_head_enable                 |                                                           |                3 |              5 |
|  inst_pixelClkGen/inst/clk_out1              | inst_graphic/Wolvie_head_cntV0                  | inst_graphic/Wolvie_head_cntV[4]_i_1_n_0                  |                2 |              5 |
|  inst_pixelClkGen/inst/clk_out1              | inst_graphic/BG_section_cnt                     |                                                           |                1 |              5 |
|  inst_pixelClkGen/inst/clk_out1              | inst_graphic/GreenGoblin_head_cntV0             | inst_graphic/GreenGoblin_head_cntV[4]_i_1_n_0             |                1 |              5 |
|  frame_clk_reg_n_0_BUFG                      | P3_action_cnt[4]_i_1_n_0                        |                                                           |                2 |              5 |
|  frame_clk_reg_n_0_BUFG                      | inst_Wolvie_att/W_dec_att_disable               |                                                           |                2 |              6 |
|  inst_pixelClkGen/inst/clk_out1              | inst_graphic/Pedana2_cntV0                      | inst_graphic/Pedana2_cntV[6]_i_1_n_0                      |                2 |              7 |
|  inst_pixelClkGen/inst/clk_out1              | inst_graphic/GreenGoblin_cntV0                  | inst_graphic/GreenGoblin_cntV[6]_i_1_n_0                  |                2 |              7 |
|  inst_pixelClkGen/inst/clk_out1              | inst_graphic/Pedana3_cntV0                      | inst_graphic/Pedana3_cntV[6]_i_1_n_0                      |                3 |              7 |
|  inst_pixelClkGen/inst/clk_out1              | inst_graphic/Wolvie_cntV0                       | inst_graphic/Wolvie_cntV[6]_i_1_n_0                       |                2 |              7 |
|  inst_pixelClkGen/inst/clk_out1              | inst_graphic/Pedana1_cntV0                      | inst_graphic/Pedana1_cntV[6]_i_1_n_0                      |                2 |              7 |
|  inst_pixelClkGen/inst/clk_out1              | inst_graphic/inst_vga/Wolvie_Life_enable        |                                                           |                4 |              7 |
|  inst_pixelClkGen/inst/clk_out1              | inst_graphic/inst_vga/GreenGoblin_Life_enable   |                                                           |                3 |              7 |
|  inst_pixelClkGen/inst/clk_out1              | inst_graphic/inst_vga/GreenGoblin_cntV_reg[6]   |                                                           |                3 |              7 |
|  inst_pixelClkGen/inst/clk_out1              | inst_graphic/inst_vga/Wolvie_enable             |                                                           |                2 |              7 |
|  inst_pixelClkGen/inst/clk_out1              | inst_graphic/inst_vga/Pedana3_enable            |                                                           |                4 |              8 |
|  inst_pixelClkGen/inst/clk_out1              | inst_graphic/inst_vga/Pedana1_enable            |                                                           |                2 |              8 |
|  inst_pixelClkGen/inst/clk_out1              | inst_graphic/inst_vga/Pedana2_enable            |                                                           |                3 |              8 |
|  frame_clk_reg_n_0_BUFG                      |                                                 | P_moving_cnt[9]_i_1_n_0                                   |                3 |              9 |
|  frame_clk_reg_n_0_BUFG                      | inst_Wolvie_jump/W_jump_status                  | inst_Wolvie_mov/SS[0]                                     |                4 |              9 |
|  inst_pixelClkGen/inst/clk_out1              | inst_graphic/BG_section_cnt                     | inst_graphic/counter_v                                    |                3 |              9 |
|  inst_pixelClkGen/inst/clk_out1              |                                                 | inst_graphic/inst_vga/red[2]_i_1_n_0                      |                4 |              9 |
|  frame_clk_reg_n_0_BUFG                      | p_5_out[9]                                      | Pedana1_pos[8]_i_1_n_0                                    |                4 |              9 |
|  frame_clk_reg_n_0_BUFG                      | Pedana2_pos[8]_i_2_n_0                          | Pedana2_pos[8]_i_1_n_0                                    |                4 |              9 |
|  frame_clk_reg_n_0_BUFG                      | inst_Green_Goblin_jump/GG_jump_status           | inst_Wolvie_mov/SS[0]                                     |                4 |              9 |
|  frame_clk_reg_n_0_BUFG                      | inst_Wolvie_mov/Wolvie_hor_new_pos[9]_i_2_n_0   | inst_Wolvie_mov/SS[0]                                     |                5 |             10 |
|  frame_clk_reg_n_0_BUFG                      | inst_Green_Goblin_mov/Green_Goblin_hor_new_pos0 | inst_Green_Goblin_mov/Green_Goblin_hor_new_pos[9]_i_1_n_0 |                4 |             10 |
|  inst_pixelClkGen/inst/clk_out1              | inst_graphic/GreenGoblin_head_enable            |                                                           |                4 |             10 |
|  inst_pixelClkGen/inst/clk_out1              |                                                 | inst_graphic/eqOp2_in                                     |                4 |             10 |
|  inst_pixelClkGen/inst/clk_out1              |                                                 | inst_graphic/inst_vga/eqOp3_in                            |                4 |             10 |
|  inst_pixelClkGen/inst/clk_out1              | inst_graphic/counter_v[9]_i_2_n_0               | inst_graphic/counter_v                                    |                4 |             10 |
|  inst_pixelClkGen/inst/clk_out1              | inst_graphic/sel                                | inst_graphic/eqOp2_in                                     |                3 |             10 |
|  inst_pixelClkGen/inst/clk_out1              | inst_graphic/inst_vga/eqOp3_in                  | inst_graphic/inst_vga/v_counter0                          |                3 |             10 |
|  frame_clk_reg_n_0_BUFG                      | Pedana3_pos[9]_i_2_n_0                          | p_6_out[9]                                                |                6 |             10 |
|  frame_clk_reg_n_0_BUFG                      | P_moving_cnt[9]_i_1_n_0                         |                                                           |                6 |             10 |
|  inst_pixelClkGen/inst/clk_out1              | inst_graphic/BG_pixel                           | inst_graphic/counter_v                                    |                3 |             12 |
|  inst_graphic/Wolvie_offset_reg[16]_i_2_n_0  |                                                 |                                                           |                7 |             15 |
|  inst_graphic/brom_addr_reg[16]_i_2_n_0      |                                                 |                                                           |                7 |             15 |
|  inst_graphic/brom_util_addr_reg[16]_i_2_n_0 |                                                 |                                                           |                7 |             16 |
|  inst_pixelClkGen/inst/clk_out1              |                                                 | frame_clk                                                 |                5 |             17 |
|  inst_pixelClkGen/inst/clk_out1              |                                                 |                                                           |               12 |             18 |
|  frame_clk_reg_n_0_BUFG                      |                                                 | GreenGoblin_pos0                                          |               16 |             38 |
|  frame_clk_reg_n_0_BUFG                      |                                                 |                                                           |               26 |             60 |
+----------------------------------------------+-------------------------------------------------+-----------------------------------------------------------+------------------+----------------+


+--------+-----------------------+
| Fanout | Number of ControlSets |
+--------+-----------------------+
| 1      |                    13 |
| 2      |                     2 |
| 4      |                     9 |
| 5      |                     5 |
| 6      |                     1 |
| 7      |                     9 |
| 8      |                     3 |
| 9      |                     7 |
| 10     |                    10 |
| 12     |                     1 |
| 15     |                     2 |
| 16+    |                     5 |
+--------+-----------------------+


