Copyright 1986-2016 Xilinx, Inc. All Rights Reserved.
------------------------------------------------------------------------------------
| Tool Version : Vivado v.2016.4 (win64) Build 1756540 Mon Jan 23 19:11:23 MST 2017
| Date         : Wed May 31 12:10:37 2017
| Host         : DESKTOP-K472J0U running 64-bit major release  (build 9200)
| Command      : report_control_sets -verbose -file main_control_sets_placed.rpt
| Design       : main
| Device       : xc7a100t
------------------------------------------------------------------------------------

Control Set Information

Table of Contents
-----------------
1. Summary
2. Flip-Flop Distribution
3. Detailed Control Set Information

1. Summary
----------

+----------------------------------------------------------+-------+
|                          Status                          | Count |
+----------------------------------------------------------+-------+
| Number of unique control sets                            |    39 |
| Unused register locations in slices containing registers |   143 |
+----------------------------------------------------------+-------+


2. Flip-Flop Distribution
-------------------------

+--------------+-----------------------+------------------------+-----------------+--------------+
| Clock Enable | Synchronous Set/Reset | Asynchronous Set/Reset | Total Registers | Total Slices |
+--------------+-----------------------+------------------------+-----------------+--------------+
| No           | No                    | No                     |              99 |           41 |
| No           | No                    | Yes                    |               0 |            0 |
| No           | Yes                   | No                     |              53 |           20 |
| Yes          | No                    | No                     |              81 |           31 |
| Yes          | No                    | Yes                    |               0 |            0 |
| Yes          | Yes                   | No                     |              96 |           35 |
+--------------+-----------------------+------------------------+-----------------+--------------+


3. Detailed Control Set Information
-----------------------------------

+----------------------------------------------+------------------------------------------------+-----------------------------------------------+------------------+----------------+
|                 Clock Signal                 |                  Enable Signal                 |                Set/Reset Signal               | Slice Load Count | Bel Load Count |
+----------------------------------------------+------------------------------------------------+-----------------------------------------------+------------------+----------------+
|  inst_pixelClkGen/inst/clk_out1              |                                                | inst_graphic/inst_vga/v_sync0                 |                1 |              1 |
|  inst_pixelClkGen/inst/clk_out1              |                                                | inst_graphic/inst_vga/h_sync0                 |                1 |              1 |
|  inst_Wolvie_mov/movement_enable_reg_i_1_n_0 |                                                | enable                                        |                1 |              1 |
|  inst_Wolvie_jump/jump_enable_reg_i_1_n_0    |                                                | Wolvie_jump_enable_reg_n_0                    |                1 |              1 |
|  inst_graphic/brom_addr_reg[16]_i_2_n_0      |                                                | inst_graphic/inst_vga/GreenGoblin_cntV_reg[6] |                1 |              2 |
|  frame_clk_reg_n_0_BUFG                      | inst_Wolvie_mov/Wolvie_new_image[3]_i_2_n_0    | inst_Wolvie_mov/Wolvie_new_image[3]_i_1_n_0   |                1 |              4 |
|  frame_clk_reg_n_0_BUFG                      | inst_Wolvie_att/Wolvie_new_image[3]_i_1__0_n_0 |                                               |                1 |              4 |
|  frame_clk_reg_n_0_BUFG                      | inst_Wolvie_mov/W_dec_mov_disable              |                                               |                1 |              4 |
|  inst_Wolvie_jump/E[0]                       |                                                |                                               |                1 |              4 |
|  frame_clk_reg_n_0_BUFG                      | inst_Wolvie_att/W_dec_att_disable              |                                               |                2 |              5 |
|  inst_pixelClkGen/inst/clk_out1              | inst_graphic/BG_section_cnt                    |                                               |                1 |              5 |
|  inst_pixelClkGen/inst/clk_out1              | inst_graphic/inst_vga/Wolvie_Life_enable       |                                               |                3 |              6 |
|  inst_pixelClkGen/inst/clk_out1              | inst_graphic/Wolvie_Life_cntV0                 | inst_graphic/Wolvie_Life_cntV[5]_i_1_n_0      |                2 |              6 |
|  inst_pixelClkGen/inst/clk_out1              | inst_graphic/GreenGoblin_cntV0                 | inst_graphic/GreenGoblin_cntV[6]_i_1_n_0      |                2 |              7 |
|  inst_pixelClkGen/inst/clk_out1              | inst_graphic/inst_vga/Wolvie_enable            |                                               |                3 |              7 |
|  inst_pixelClkGen/inst/clk_out1              | inst_graphic/inst_vga/GreenGoblin_cntV_reg[6]  |                                               |                3 |              7 |
|  inst_pixelClkGen/inst/clk_out1              | inst_graphic/Pedana1_cntV0                     | inst_graphic/Pedana1_cntV[6]_i_1_n_0          |                2 |              7 |
|  inst_pixelClkGen/inst/clk_out1              | inst_graphic/Pedana2_cntV0                     | inst_graphic/Pedana2_cntV[6]_i_1_n_0          |                3 |              7 |
|  inst_pixelClkGen/inst/clk_out1              | inst_graphic/Pedana3_cntV0                     | inst_graphic/Pedana3_cntV[6]_i_1_n_0          |                2 |              7 |
|  inst_pixelClkGen/inst/clk_out1              | inst_graphic/Wolvie_cntV0                      | inst_graphic/Wolvie_cntV[6]_i_1_n_0           |                4 |              7 |
|  inst_pixelClkGen/inst/clk_out1              | inst_graphic/inst_vga/Pedana3_enable           |                                               |                3 |              8 |
|  inst_pixelClkGen/inst/clk_out1              | inst_graphic/Pedana1_enable                    |                                               |                3 |              8 |
|  inst_pixelClkGen/inst/clk_out1              | inst_graphic/Pedana2_enable                    |                                               |                4 |              8 |
|  frame_clk_reg_n_0_BUFG                      | inst_Wolvie_jump/p_2_out[0]                    |                                               |                3 |              9 |
|  inst_pixelClkGen/inst/clk_out1              | inst_graphic/BG_section_cnt                    | inst_graphic/counter_v                        |                4 |              9 |
|  inst_pixelClkGen/inst/clk_out1              |                                                | inst_graphic/inst_vga/red[3]_i_1_n_0          |                3 |             10 |
|  inst_pixelClkGen/inst/clk_out1              | inst_graphic/counter_v[9]_i_2_n_0              | inst_graphic/counter_v                        |                4 |             10 |
|  inst_pixelClkGen/inst/clk_out1              |                                                | inst_graphic/eqOp0_in                         |                2 |             10 |
|  inst_pixelClkGen/inst/clk_out1              | inst_graphic/inst_vga/eqOp3_in                 | inst_graphic/inst_vga/v_counter0              |                4 |             10 |
|  frame_clk_reg_n_0_BUFG                      | inst_Wolvie_mov/Wolvie_hor_new_pos0            |                                               |                4 |             10 |
|  inst_pixelClkGen/inst/clk_out1              |                                                | inst_graphic/inst_vga/eqOp3_in                |                5 |             10 |
|  inst_pixelClkGen/inst/clk_out1              | inst_graphic/sel                               | inst_graphic/eqOp0_in                         |                4 |             10 |
|  inst_pixelClkGen/inst/clk_out1              | inst_graphic/BG_pixel                          | inst_graphic/counter_v                        |                3 |             12 |
|  inst_pixelClkGen/inst/clk_out1              |                                                |                                               |                9 |             14 |
|  inst_graphic/Wolvie_offset_reg[16]_i_2_n_0  |                                                |                                               |                5 |             15 |
|  inst_graphic/brom_addr_reg[16]_i_2_n_0      |                                                |                                               |                4 |             15 |
|  inst_graphic/brom_util_addr_reg[15]_i_2_n_0 |                                                |                                               |                7 |             16 |
|  inst_pixelClkGen/inst/clk_out1              |                                                | frame_clk                                     |                5 |             17 |
|  frame_clk_reg_n_0_BUFG                      |                                                |                                               |               15 |             35 |
+----------------------------------------------+------------------------------------------------+-----------------------------------------------+------------------+----------------+


+--------+-----------------------+
| Fanout | Number of ControlSets |
+--------+-----------------------+
| 1      |                     4 |
| 2      |                     1 |
| 4      |                     4 |
| 5      |                     2 |
| 6      |                     2 |
| 7      |                     7 |
| 8      |                     3 |
| 9      |                     2 |
| 10     |                     7 |
| 12     |                     1 |
| 14     |                     1 |
| 15     |                     2 |
| 16+    |                     3 |
+--------+-----------------------+


