#-----------------------------------------------------------
# Vivado v2016.4 (64-bit)
# SW Build 1756540 on Mon Jan 23 19:11:23 MST 2017
# IP Build 1755317 on Mon Jan 23 20:30:07 MST 2017
# Start of session at: Fri Jun 09 16:22:07 2017
# Process ID: 16104
# Current directory: C:/Users/Andrea Diecidue/Desktop/GameZero
# Command line: vivado.exe -gui_launcher_event rodinguilauncherevent30048 C:\Users\Andrea Diecidue\Desktop\GameZero\GameZero.xpr
# Log file: C:/Users/Andrea Diecidue/Desktop/GameZero/vivado.log
# Journal file: C:/Users/Andrea Diecidue/Desktop/GameZero\vivado.jou
#-----------------------------------------------------------
start_gui
open_project {C:/Users/Andrea Diecidue/Desktop/GameZero/GameZero.xpr}
reset_run playerBROM_synth_1
reset_run utilBROM_synth_1
launch_runs impl_1 -to_step write_bitstream -jobs 4
wait_on_run impl_1
reset_run impl_1
reset_run synth_1
launch_runs impl_1 -to_step write_bitstream -jobs 4
wait_on_run impl_1
reset_run synth_1
launch_runs impl_1 -to_step write_bitstream -jobs 4
wait_on_run impl_1
