#-----------------------------------------------------------
# Vivado v2016.4 (64-bit)
# SW Build 1756540 on Mon Jan 23 19:11:23 MST 2017
# IP Build 1755317 on Mon Jan 23 20:30:07 MST 2017
# Start of session at: Fri Jun 02 10:25:35 2017
# Process ID: 1692
# Current directory: C:/Users/edoardo/Desktop/GameZero
# Command line: vivado.exe -gui_launcher_event rodinguilauncherevent4008 C:\Users\edoardo\Desktop\GameZero\GameZero.xpr
# Log file: C:/Users/edoardo/Desktop/GameZero/vivado.log
# Journal file: C:/Users/edoardo/Desktop/GameZero\vivado.jou
#-----------------------------------------------------------
start_gui
open_project C:/Users/edoardo/Desktop/GameZero/GameZero.xpr
open_hw
connect_hw_server
open_hw_target
set_property PROGRAM.FILE {C:/Users/edoardo/Desktop/GameZero/GameZero.runs/impl_1/main.bit} [lindex [get_hw_devices xc7a100t_0] 0]
current_hw_device [lindex [get_hw_devices xc7a100t_0] 0]
refresh_hw_device -update_hw_probes false [lindex [get_hw_devices xc7a100t_0] 0]
set_property PROBES.FILE {} [lindex [get_hw_devices xc7a100t_0] 0]
set_property PROGRAM.FILE {C:/Users/edoardo/Desktop/GameZero/GameZero.runs/impl_1/main.bit} [lindex [get_hw_devices xc7a100t_0] 0]
program_hw_devices [lindex [get_hw_devices xc7a100t_0] 0]
refresh_hw_device [lindex [get_hw_devices xc7a100t_0] 0]
close_hw
set_property -dict [list CONFIG.CLKOUT1_REQUESTED_OUT_FREQ {22.000} CONFIG.MMCM_DIVCLK_DIVIDE {5} CONFIG.MMCM_CLKFBOUT_MULT_F {49.500} CONFIG.MMCM_CLKOUT0_DIVIDE_F {45.000} CONFIG.CLKOUT1_JITTER {317.486} CONFIG.CLKOUT1_PHASE_ERROR {296.868}] [get_ips pixelClkGen]
generate_target all [get_files  C:/Users/edoardo/Desktop/GameZero/GameZero.srcs/sources_1/ip/pixelClkGen_1/pixelClkGen.xci]
catch { config_ip_cache -export [get_ips -all pixelClkGen] }
catch { [ delete_ip_run [get_ips -all pixelClkGen] ] }
export_ip_user_files -of_objects [get_files C:/Users/edoardo/Desktop/GameZero/GameZero.srcs/sources_1/ip/pixelClkGen_1/pixelClkGen.xci] -no_script -sync -force -quiet
create_ip_run [get_files -of_objects [get_fileset sources_1] C:/Users/edoardo/Desktop/GameZero/GameZero.srcs/sources_1/ip/pixelClkGen_1/pixelClkGen.xci]
export_simulation -of_objects [get_files C:/Users/edoardo/Desktop/GameZero/GameZero.srcs/sources_1/ip/pixelClkGen_1/pixelClkGen.xci] -directory C:/Users/edoardo/Desktop/GameZero/GameZero.ip_user_files/sim_scripts -ip_user_files_dir C:/Users/edoardo/Desktop/GameZero/GameZero.ip_user_files -ipstatic_source_dir C:/Users/edoardo/Desktop/GameZero/GameZero.ip_user_files/ipstatic -lib_map_path [list {modelsim=C:/Users/edoardo/Desktop/GameZero/GameZero.cache/compile_simlib/modelsim} {questa=C:/Users/edoardo/Desktop/GameZero/GameZero.cache/compile_simlib/questa} {riviera=C:/Users/edoardo/Desktop/GameZero/GameZero.cache/compile_simlib/riviera} {activehdl=C:/Users/edoardo/Desktop/GameZero/GameZero.cache/compile_simlib/activehdl}] -use_ip_compiled_libs -force -quiet
reset_run playerBROM_synth_1
reset_run utilBROM_synth_1
reset_run synth_1
launch_runs synth_1 -jobs 2
wait_on_run synth_1
reset_run synth_1
launch_runs synth_1 -jobs 2
wait_on_run synth_1
reset_run synth_1
launch_runs synth_1 -jobs 2
wait_on_run synth_1
set_property is_enabled false [get_files  C:/Users/edoardo/Desktop/GameZero/GameZero.srcs/sources_1/new/Green_Goblin_jump.vhd]
set_property is_enabled false [get_files  C:/Users/edoardo/Desktop/GameZero/GameZero.srcs/sources_1/new/Green_Goblin_movement.vhd]
reset_run synth_1
launch_runs synth_1 -jobs 2
wait_on_run synth_1
set_property is_enabled false [get_files  C:/Users/edoardo/Desktop/GameZero/GameZero.srcs/sources_1/new/Green_Goblin_attack.vhd]
reset_run synth_1
launch_runs synth_1 -jobs 2
wait_on_run synth_1
launch_runs impl_1 -jobs 2
wait_on_run impl_1
launch_runs impl_1 -to_step write_bitstream -jobs 2
wait_on_run impl_1
open_hw
connect_hw_server
open_hw_target
set_property PROGRAM.FILE {C:/Users/edoardo/Desktop/GameZero/GameZero.runs/impl_1/main.bit} [lindex [get_hw_devices xc7a100t_0] 0]
current_hw_device [lindex [get_hw_devices xc7a100t_0] 0]
refresh_hw_device -update_hw_probes false [lindex [get_hw_devices xc7a100t_0] 0]
set_property PROBES.FILE {} [lindex [get_hw_devices xc7a100t_0] 0]
set_property PROGRAM.FILE {C:/Users/edoardo/Desktop/GameZero/GameZero.runs/impl_1/main.bit} [lindex [get_hw_devices xc7a100t_0] 0]
program_hw_devices [lindex [get_hw_devices xc7a100t_0] 0]
refresh_hw_device [lindex [get_hw_devices xc7a100t_0] 0]
close_hw
close_project
open_project C:/Users/edoardo/Desktop/GameZero/GameZero.xpr
set_property -dict [list CONFIG.CLKOUT1_REQUESTED_OUT_FREQ {20.000} CONFIG.MMCM_DIVCLK_DIVIDE {1} CONFIG.MMCM_CLKFBOUT_MULT_F {8.500} CONFIG.MMCM_CLKOUT0_DIVIDE_F {42.500} CONFIG.CLKOUT1_JITTER {193.154} CONFIG.CLKOUT1_PHASE_ERROR {109.126}] [get_ips pixelClkGen]
generate_target all [get_files  C:/Users/edoardo/Desktop/GameZero/GameZero.srcs/sources_1/ip/pixelClkGen_1/pixelClkGen.xci]
catch { config_ip_cache -export [get_ips -all pixelClkGen] }
export_ip_user_files -of_objects [get_files C:/Users/edoardo/Desktop/GameZero/GameZero.srcs/sources_1/ip/pixelClkGen_1/pixelClkGen.xci] -no_script -sync -force -quiet
create_ip_run [get_files -of_objects [get_fileset sources_1] C:/Users/edoardo/Desktop/GameZero/GameZero.srcs/sources_1/ip/pixelClkGen_1/pixelClkGen.xci]
export_simulation -of_objects [get_files C:/Users/edoardo/Desktop/GameZero/GameZero.srcs/sources_1/ip/pixelClkGen_1/pixelClkGen.xci] -directory C:/Users/edoardo/Desktop/GameZero/GameZero.ip_user_files/sim_scripts -ip_user_files_dir C:/Users/edoardo/Desktop/GameZero/GameZero.ip_user_files -ipstatic_source_dir C:/Users/edoardo/Desktop/GameZero/GameZero.ip_user_files/ipstatic -lib_map_path [list {modelsim=C:/Users/edoardo/Desktop/GameZero/GameZero.cache/compile_simlib/modelsim} {questa=C:/Users/edoardo/Desktop/GameZero/GameZero.cache/compile_simlib/questa} {riviera=C:/Users/edoardo/Desktop/GameZero/GameZero.cache/compile_simlib/riviera} {activehdl=C:/Users/edoardo/Desktop/GameZero/GameZero.cache/compile_simlib/activehdl}] -use_ip_compiled_libs -force -quiet
set_property -dict [list CONFIG.Write_Depth_A {74336}] [get_ips utilBROM]
generate_target all [get_files  C:/Users/edoardo/Desktop/GameZero/GameZero.srcs/sources_1/ip/utilBROM/utilBROM.xci]
catch { config_ip_cache -export [get_ips -all utilBROM] }
export_ip_user_files -of_objects [get_files C:/Users/edoardo/Desktop/GameZero/GameZero.srcs/sources_1/ip/utilBROM/utilBROM.xci] -no_script -sync -force -quiet
reset_run utilBROM_synth_1
launch_runs -jobs 2 utilBROM_synth_1
export_simulation -of_objects [get_files C:/Users/edoardo/Desktop/GameZero/GameZero.srcs/sources_1/ip/utilBROM/utilBROM.xci] -directory C:/Users/edoardo/Desktop/GameZero/GameZero.ip_user_files/sim_scripts -ip_user_files_dir C:/Users/edoardo/Desktop/GameZero/GameZero.ip_user_files -ipstatic_source_dir C:/Users/edoardo/Desktop/GameZero/GameZero.ip_user_files/ipstatic -lib_map_path [list {modelsim=C:/Users/edoardo/Desktop/GameZero/GameZero.cache/compile_simlib/modelsim} {questa=C:/Users/edoardo/Desktop/GameZero/GameZero.cache/compile_simlib/questa} {riviera=C:/Users/edoardo/Desktop/GameZero/GameZero.cache/compile_simlib/riviera} {activehdl=C:/Users/edoardo/Desktop/GameZero/GameZero.cache/compile_simlib/activehdl}] -use_ip_compiled_libs -force -quiet
reset_run synth_1
launch_runs synth_1 -jobs 2
wait_on_run synth_1
reset_run synth_1
launch_runs synth_1 -jobs 2
wait_on_run synth_1
reset_run synth_1
launch_runs synth_1 -jobs 2
wait_on_run synth_1
reset_run synth_1
launch_runs synth_1 -jobs 2
wait_on_run synth_1
reset_run synth_1
launch_runs synth_1 -jobs 2
wait_on_run synth_1
reset_run synth_1
launch_runs impl_1 -jobs 2
wait_on_run impl_1
reset_run synth_1
launch_runs synth_1 -jobs 2
wait_on_run synth_1
reset_run synth_1
launch_runs synth_1 -jobs 2
wait_on_run synth_1
launch_runs impl_1 -jobs 2
wait_on_run impl_1
open_hw
connect_hw_server
open_hw_target
current_hw_device [lindex [get_hw_devices xc7a100t_0] 0]
refresh_hw_device -update_hw_probes false [lindex [get_hw_devices xc7a100t_0] 0]
launch_runs impl_1 -to_step write_bitstream -jobs 2
wait_on_run impl_1
set_property PROBES.FILE {} [lindex [get_hw_devices xc7a100t_0] 0]
set_property PROGRAM.FILE {C:/Users/edoardo/Desktop/GameZero/GameZero.runs/impl_1/main.bit} [lindex [get_hw_devices xc7a100t_0] 0]
program_hw_devices [lindex [get_hw_devices xc7a100t_0] 0]
refresh_hw_device [lindex [get_hw_devices xc7a100t_0] 0]
close_hw
set_property -dict [list CONFIG.CLKOUT1_REQUESTED_OUT_FREQ {21.000} CONFIG.MMCM_DIVCLK_DIVIDE {5} CONFIG.MMCM_CLKFBOUT_MULT_F {49.875} CONFIG.MMCM_CLKOUT0_DIVIDE_F {47.500} CONFIG.CLKOUT1_JITTER {316.474} CONFIG.CLKOUT1_PHASE_ERROR {293.793}] [get_ips pixelClkGen]
generate_target all [get_files  C:/Users/edoardo/Desktop/GameZero/GameZero.srcs/sources_1/ip/pixelClkGen_1/pixelClkGen.xci]
catch { config_ip_cache -export [get_ips -all pixelClkGen] }
export_ip_user_files -of_objects [get_files C:/Users/edoardo/Desktop/GameZero/GameZero.srcs/sources_1/ip/pixelClkGen_1/pixelClkGen.xci] -no_script -sync -force -quiet
create_ip_run [get_files -of_objects [get_fileset sources_1] C:/Users/edoardo/Desktop/GameZero/GameZero.srcs/sources_1/ip/pixelClkGen_1/pixelClkGen.xci]
launch_runs -jobs 2 pixelClkGen_synth_1
export_simulation -of_objects [get_files C:/Users/edoardo/Desktop/GameZero/GameZero.srcs/sources_1/ip/pixelClkGen_1/pixelClkGen.xci] -directory C:/Users/edoardo/Desktop/GameZero/GameZero.ip_user_files/sim_scripts -ip_user_files_dir C:/Users/edoardo/Desktop/GameZero/GameZero.ip_user_files -ipstatic_source_dir C:/Users/edoardo/Desktop/GameZero/GameZero.ip_user_files/ipstatic -lib_map_path [list {modelsim=C:/Users/edoardo/Desktop/GameZero/GameZero.cache/compile_simlib/modelsim} {questa=C:/Users/edoardo/Desktop/GameZero/GameZero.cache/compile_simlib/questa} {riviera=C:/Users/edoardo/Desktop/GameZero/GameZero.cache/compile_simlib/riviera} {activehdl=C:/Users/edoardo/Desktop/GameZero/GameZero.cache/compile_simlib/activehdl}] -use_ip_compiled_libs -force -quiet
reset_run synth_1
launch_runs impl_1 -to_step write_bitstream -jobs 2
wait_on_run impl_1
open_hw
connect_hw_server
open_hw_target
current_hw_device [lindex [get_hw_devices xc7a100t_0] 0]
refresh_hw_device -update_hw_probes false [lindex [get_hw_devices xc7a100t_0] 0]
set_property PROBES.FILE {} [lindex [get_hw_devices xc7a100t_0] 0]
set_property PROGRAM.FILE {C:/Users/edoardo/Desktop/GameZero/GameZero.runs/impl_1/main.bit} [lindex [get_hw_devices xc7a100t_0] 0]
program_hw_devices [lindex [get_hw_devices xc7a100t_0] 0]
refresh_hw_device [lindex [get_hw_devices xc7a100t_0] 0]
close_hw
open_run impl_1
close_design
set_property -dict [list CONFIG.CLKOUT1_REQUESTED_OUT_FREQ {27.000} CONFIG.MMCM_DIVCLK_DIVIDE {1} CONFIG.MMCM_CLKFBOUT_MULT_F {10.125} CONFIG.MMCM_CLKOUT0_DIVIDE_F {37.500} CONFIG.CLKOUT1_JITTER {171.290} CONFIG.CLKOUT1_PHASE_ERROR {97.646}] [get_ips pixelClkGen]
generate_target all [get_files  C:/Users/edoardo/Desktop/GameZero/GameZero.srcs/sources_1/ip/pixelClkGen_1/pixelClkGen.xci]
catch { config_ip_cache -export [get_ips -all pixelClkGen] }
export_ip_user_files -of_objects [get_files C:/Users/edoardo/Desktop/GameZero/GameZero.srcs/sources_1/ip/pixelClkGen_1/pixelClkGen.xci] -no_script -sync -force -quiet
reset_run pixelClkGen_synth_1
launch_runs -jobs 2 pixelClkGen_synth_1
export_simulation -of_objects [get_files C:/Users/edoardo/Desktop/GameZero/GameZero.srcs/sources_1/ip/pixelClkGen_1/pixelClkGen.xci] -directory C:/Users/edoardo/Desktop/GameZero/GameZero.ip_user_files/sim_scripts -ip_user_files_dir C:/Users/edoardo/Desktop/GameZero/GameZero.ip_user_files -ipstatic_source_dir C:/Users/edoardo/Desktop/GameZero/GameZero.ip_user_files/ipstatic -lib_map_path [list {modelsim=C:/Users/edoardo/Desktop/GameZero/GameZero.cache/compile_simlib/modelsim} {questa=C:/Users/edoardo/Desktop/GameZero/GameZero.cache/compile_simlib/questa} {riviera=C:/Users/edoardo/Desktop/GameZero/GameZero.cache/compile_simlib/riviera} {activehdl=C:/Users/edoardo/Desktop/GameZero/GameZero.cache/compile_simlib/activehdl}] -use_ip_compiled_libs -force -quiet
reset_run synth_1
launch_runs impl_1 -to_step write_bitstream -jobs 2
wait_on_run impl_1
open_hw
connect_hw_server
open_hw_target
set_property PROGRAM.FILE {C:/Users/edoardo/Desktop/GameZero/GameZero.runs/impl_1/main.bit} [lindex [get_hw_devices xc7a100t_0] 0]
current_hw_device [lindex [get_hw_devices xc7a100t_0] 0]
refresh_hw_device -update_hw_probes false [lindex [get_hw_devices xc7a100t_0] 0]
set_property PROBES.FILE {} [lindex [get_hw_devices xc7a100t_0] 0]
set_property PROGRAM.FILE {C:/Users/edoardo/Desktop/GameZero/GameZero.runs/impl_1/main.bit} [lindex [get_hw_devices xc7a100t_0] 0]
program_hw_devices [lindex [get_hw_devices xc7a100t_0] 0]
refresh_hw_device [lindex [get_hw_devices xc7a100t_0] 0]
set_property PROBES.FILE {} [lindex [get_hw_devices xc7a100t_0] 0]
set_property PROGRAM.FILE {C:/Users/edoardo/Desktop/GameZero/GameZero.runs/impl_1/main.bit} [lindex [get_hw_devices xc7a100t_0] 0]
program_hw_devices [lindex [get_hw_devices xc7a100t_0] 0]
refresh_hw_device [lindex [get_hw_devices xc7a100t_0] 0]
close_hw
set_property -dict [list CONFIG.Coe_File {C:/Users/edoardo/Desktop/GameZero/GameZero.srcs/sources_1/new/Brom_util_init.coe}] [get_ips utilBROM]
generate_target all [get_files  C:/Users/edoardo/Desktop/GameZero/GameZero.srcs/sources_1/ip/utilBROM/utilBROM.xci]
catch { config_ip_cache -export [get_ips -all utilBROM] }
export_ip_user_files -of_objects [get_files C:/Users/edoardo/Desktop/GameZero/GameZero.srcs/sources_1/ip/utilBROM/utilBROM.xci] -no_script -sync -force -quiet
reset_run utilBROM_synth_1
launch_runs -jobs 2 utilBROM_synth_1
export_simulation -of_objects [get_files C:/Users/edoardo/Desktop/GameZero/GameZero.srcs/sources_1/ip/utilBROM/utilBROM.xci] -directory C:/Users/edoardo/Desktop/GameZero/GameZero.ip_user_files/sim_scripts -ip_user_files_dir C:/Users/edoardo/Desktop/GameZero/GameZero.ip_user_files -ipstatic_source_dir C:/Users/edoardo/Desktop/GameZero/GameZero.ip_user_files/ipstatic -lib_map_path [list {modelsim=C:/Users/edoardo/Desktop/GameZero/GameZero.cache/compile_simlib/modelsim} {questa=C:/Users/edoardo/Desktop/GameZero/GameZero.cache/compile_simlib/questa} {riviera=C:/Users/edoardo/Desktop/GameZero/GameZero.cache/compile_simlib/riviera} {activehdl=C:/Users/edoardo/Desktop/GameZero/GameZero.cache/compile_simlib/activehdl}] -use_ip_compiled_libs -force -quiet
reset_run synth_1
launch_runs impl_1 -to_step write_bitstream -jobs 2
wait_on_run impl_1
open_hw
connect_hw_server
open_hw_target
set_property PROGRAM.FILE {C:/Users/edoardo/Desktop/GameZero/GameZero.runs/impl_1/main.bit} [lindex [get_hw_devices xc7a100t_0] 0]
current_hw_device [lindex [get_hw_devices xc7a100t_0] 0]
refresh_hw_device -update_hw_probes false [lindex [get_hw_devices xc7a100t_0] 0]
set_property PROBES.FILE {} [lindex [get_hw_devices xc7a100t_0] 0]
set_property PROGRAM.FILE {C:/Users/edoardo/Desktop/GameZero/GameZero.runs/impl_1/main.bit} [lindex [get_hw_devices xc7a100t_0] 0]
program_hw_devices [lindex [get_hw_devices xc7a100t_0] 0]
refresh_hw_device [lindex [get_hw_devices xc7a100t_0] 0]
close_hw
set_property -dict [list CONFIG.CLKOUT1_REQUESTED_OUT_FREQ {23.000} CONFIG.MMCM_DIVCLK_DIVIDE {2} CONFIG.MMCM_CLKFBOUT_MULT_F {20.125} CONFIG.MMCM_CLKOUT0_DIVIDE_F {43.750} CONFIG.CLKOUT1_JITTER {221.363} CONFIG.CLKOUT1_PHASE_ERROR {163.922}] [get_ips pixelClkGen]
generate_target all [get_files  C:/Users/edoardo/Desktop/GameZero/GameZero.srcs/sources_1/ip/pixelClkGen_1/pixelClkGen.xci]
catch { config_ip_cache -export [get_ips -all pixelClkGen] }
export_ip_user_files -of_objects [get_files C:/Users/edoardo/Desktop/GameZero/GameZero.srcs/sources_1/ip/pixelClkGen_1/pixelClkGen.xci] -no_script -sync -force -quiet
reset_run pixelClkGen_synth_1
launch_runs -jobs 2 pixelClkGen_synth_1
export_simulation -of_objects [get_files C:/Users/edoardo/Desktop/GameZero/GameZero.srcs/sources_1/ip/pixelClkGen_1/pixelClkGen.xci] -directory C:/Users/edoardo/Desktop/GameZero/GameZero.ip_user_files/sim_scripts -ip_user_files_dir C:/Users/edoardo/Desktop/GameZero/GameZero.ip_user_files -ipstatic_source_dir C:/Users/edoardo/Desktop/GameZero/GameZero.ip_user_files/ipstatic -lib_map_path [list {modelsim=C:/Users/edoardo/Desktop/GameZero/GameZero.cache/compile_simlib/modelsim} {questa=C:/Users/edoardo/Desktop/GameZero/GameZero.cache/compile_simlib/questa} {riviera=C:/Users/edoardo/Desktop/GameZero/GameZero.cache/compile_simlib/riviera} {activehdl=C:/Users/edoardo/Desktop/GameZero/GameZero.cache/compile_simlib/activehdl}] -use_ip_compiled_libs -force -quiet
reset_run synth_1
reset_run utilBROM_synth_1
launch_runs impl_1 -to_step write_bitstream -jobs 2
wait_on_run impl_1
open_hw
connect_hw_server
open_hw_target
set_property PROGRAM.FILE {C:/Users/edoardo/Desktop/GameZero/GameZero.runs/impl_1/main.bit} [lindex [get_hw_devices xc7a100t_0] 0]
current_hw_device [lindex [get_hw_devices xc7a100t_0] 0]
refresh_hw_device -update_hw_probes false [lindex [get_hw_devices xc7a100t_0] 0]
set_property PROBES.FILE {} [lindex [get_hw_devices xc7a100t_0] 0]
set_property PROGRAM.FILE {C:/Users/edoardo/Desktop/GameZero/GameZero.runs/impl_1/main.bit} [lindex [get_hw_devices xc7a100t_0] 0]
program_hw_devices [lindex [get_hw_devices xc7a100t_0] 0]
refresh_hw_device [lindex [get_hw_devices xc7a100t_0] 0]
close_hw
