#-----------------------------------------------------------
# Vivado v2016.4 (64-bit)
# SW Build 1756540 on Mon Jan 23 19:11:23 MST 2017
# IP Build 1755317 on Mon Jan 23 20:30:07 MST 2017
# Start of session at: Fri Apr 28 18:46:41 2017
# Process ID: 10740
# Current directory: C:/Users/Andrea Diecidue/Documents/GitHub/GameZero/GameZero
# Command line: vivado.exe -gui_launcher_event rodinguilauncherevent14720 C:\Users\Andrea Diecidue\Documents\GitHub\GameZero\GameZero\GameZero.xpr
# Log file: C:/Users/Andrea Diecidue/Documents/GitHub/GameZero/GameZero/vivado.log
# Journal file: C:/Users/Andrea Diecidue/Documents/GitHub/GameZero/GameZero\vivado.jou
#-----------------------------------------------------------
start_gui
open_project {C:/Users/Andrea Diecidue/Documents/GitHub/GameZero/GameZero/GameZero.xpr}
add_files -norecurse {{C:/Users/Andrea Diecidue/Documents/GitHub/GameZero/File vhdl funzionanti/graphic.vhd} {C:/Users/Andrea Diecidue/Documents/GitHub/GameZero/File vhdl funzionanti/vga.vhd} {C:/Users/Andrea Diecidue/Documents/GitHub/GameZero/File vhdl funzionanti/map_rom.vhd}}
create_ip -name clk_wiz -vendor xilinx.com -library ip -version 5.3 -module_name pixelClkGen -dir {c:/Users/Andrea Diecidue/Documents/GitHub/GameZero/GameZero/GameZero.srcs/sources_1/ip}
set_property -dict [list CONFIG.CLKOUT1_REQUESTED_OUT_FREQ {25.175} CONFIG.MMCM_DIVCLK_DIVIDE {4} CONFIG.MMCM_CLKFBOUT_MULT_F {36.375} CONFIG.MMCM_CLKOUT0_DIVIDE_F {36.125} CONFIG.CLKOUT1_JITTER {319.783} CONFIG.CLKOUT1_PHASE_ERROR {246.739}] [get_ips pixelClkGen]
generate_target {instantiation_template} [get_files {{c:/Users/Andrea Diecidue/Documents/GitHub/GameZero/GameZero/GameZero.srcs/sources_1/ip/pixelClkGen/pixelClkGen.xci}}]
generate_target all [get_files  {{c:/Users/Andrea Diecidue/Documents/GitHub/GameZero/GameZero/GameZero.srcs/sources_1/ip/pixelClkGen/pixelClkGen.xci}}]
export_ip_user_files -of_objects [get_files {{c:/Users/Andrea Diecidue/Documents/GitHub/GameZero/GameZero/GameZero.srcs/sources_1/ip/pixelClkGen/pixelClkGen.xci}}] -no_script -sync -force -quiet
create_ip_run [get_files -of_objects [get_fileset sources_1] {{c:/Users/Andrea Diecidue/Documents/GitHub/GameZero/GameZero/GameZero.srcs/sources_1/ip/pixelClkGen/pixelClkGen.xci}}]
launch_runs -jobs 4 pixelClkGen_synth_1
wait_on_run pixelClkGen_synth_1
export_simulation -of_objects [get_files {{c:/Users/Andrea Diecidue/Documents/GitHub/GameZero/GameZero/GameZero.srcs/sources_1/ip/pixelClkGen/pixelClkGen.xci}}] -directory {C:/Users/Andrea Diecidue/Documents/GitHub/GameZero/GameZero/GameZero.ip_user_files/sim_scripts} -ip_user_files_dir {C:/Users/Andrea Diecidue/Documents/GitHub/GameZero/GameZero/GameZero.ip_user_files} -ipstatic_source_dir {C:/Users/Andrea Diecidue/Documents/GitHub/GameZero/GameZero/GameZero.ip_user_files/ipstatic} -lib_map_path [list {modelsim=C:/Users/Andrea Diecidue/Documents/GitHub/GameZero/GameZero/GameZero.cache/compile_simlib/modelsim} {questa=C:/Users/Andrea Diecidue/Documents/GitHub/GameZero/GameZero/GameZero.cache/compile_simlib/questa} {riviera=C:/Users/Andrea Diecidue/Documents/GitHub/GameZero/GameZero/GameZero.cache/compile_simlib/riviera} {activehdl=C:/Users/Andrea Diecidue/Documents/GitHub/GameZero/GameZero/GameZero.cache/compile_simlib/activehdl}] -use_ip_compiled_libs -force -quiet
remove_files  {{C:/Users/Andrea Diecidue/Documents/GitHub/GameZero/File vhdl funzionanti/vga.vhd} {C:/Users/Andrea Diecidue/Documents/GitHub/GameZero/File vhdl funzionanti/map_rom.vhd}}
remove_files  {{C:/Users/Andrea Diecidue/Documents/GitHub/GameZero/File vhdl funzionanti/graphic.vhd}}
update_compile_order -fileset sources_1
update_compile_order -fileset sim_1
add_files -norecurse {{C:/Users/Andrea Diecidue/Documents/GitHub/GameZero/GameZero/GameZero.srcs/File vhdl funzionanti/graphic.vhd} {C:/Users/Andrea Diecidue/Documents/GitHub/GameZero/GameZero/GameZero.srcs/File vhdl funzionanti/map_rom.vhd} {C:/Users/Andrea Diecidue/Documents/GitHub/GameZero/GameZero/GameZero.srcs/File vhdl funzionanti/vga.vhd}}
